[www.stryderusa.com/index.html]
[backblue.gif]
[fade.gif]
[index.html]
[www.stryderusa.com/wp-content/cache/min/1/wp-content/plugins/contact-form-7/includes/css/stylesee60.css]
[www.stryderusa.com/wp-content/cache/min/1/wp-content/plugins/wp-job-openings/assets/css/general.minee60.css]
[www.stryderusa.com/feed/index.html]
[www.stryderusa.com/comments/feed/index.html]
[www.stryderusa.com/wp-content/plugins/wp-job-openings/assets/css/style.mincd45.css]
[www.stryderusa.com/wp-content/cache/min/1/wp-content/plugins/wp-testimonial-with-widget/assets/css/font-awesome.minee60.css]
[www.stryderusa.com/wp-content/cache/min/1/wp-content/plugins/wp-testimonial-with-widget/assets/css/slickee60.css]
[www.stryderusa.com/wp-content/cache/min/1/wp-content/plugins/wp-testimonial-with-widget/assets/css/wtwp-publicee60.css]
[www.stryderusa.com/wp-content/plugins/popup-maker/assets/css/pum-site.minff65.css]
[www.stryderusa.com/wp-content/plugins/pro-pack-for-wp-job-openings/assets/css/intlTelInput.min9633.css]
[www.stryderusa.com/wp-content/plugins/pro-pack-for-wp-job-openings/assets/css/style.mine1e3.css]
[www.stryderusa.com/wp-content/cache/min/1/wp-content/themes/Divi/style-static.minee60.css]
[www.stryderusa.com/wp-json/wp/v2/pages/10.json]
[www.stryderusa.com/wp-json/index.html]
[www.stryderusa.com/xmlrpc0db0.php]
[www.stryderusa.com/wp-json/oembed/1.0/embedace5.json]
[www.stryderusa.com/wp-json/oembed/1.0/embed454c]
[www.stryderusa.com/wp-content/cache/min/1/font-awesome/4.6.3/css/font-awesome.minee60.css]
[www.stryderusa.com/wp-content/uploads/2021/03/cropped-Favicon-16.16-32x32.png]
[www.stryderusa.com/wp-content/uploads/2021/03/cropped-Favicon-16.16-192x192.png]
[www.stryderusa.com/wp-content/uploads/2021/03/cropped-Favicon-16.16-180x180.png]
[www.stryderusa.com/wp-content/et-cache/10/et-core-unified-tb-626-10.min91b7.css]
[www.stryderusa.com/wp-content/et-cache/10/et-core-unified-10.minc01f.css]
[www.stryderusa.com/wp-content/et-cache/10/et-core-unified-tb-626-deferred-10.min91b7.css]
[newstryder2022.wpengine.com/wp-content/uploads/2022/01/USAUSE.png]
[www.stryderusa.com/about-us/index.html]
[www.stryderusa.com/services/index.html]
[www.stryderusa.com/careers/index.html]
[www.stryderusa.com/facilities/index.html]
[www.stryderusa.com/community/index.html]
[newstryder2022.wpengine.com/wp-content/uploads/2021/11/white-letters-1-300x57.png]
[newstryder2022.wpengine.com/wp-content/uploads/2021/03/headphone.png]
[newstryder2022.wpengine.com/wp-content/uploads/2021/03/planet-earth.png]
[www.stryderusa.com/blog/index.html]
[newstryder2022.wpengine.com/wp-content/uploads/2021/11/social-media-3.png]
[newstryder2022.wpengine.com/wp-content/uploads/2021/11/2-1.jpg]
[newstryder2022.wpengine.com/wp-content/uploads/2021/03/Horse-Power.jpg]
[www.stryderusa.com/wp-content/uploads/2022/01/This-is-Stryder.mp4]
[newstryder2022.wpengine.com/wp-content/uploads/2021/03/truck.png]
[newstryder2022.wpengine.com/wp-content/uploads/2021/03/warehouse.png]
[www.stryderusa.com/media/index.html]
[newstryder2022.wpengine.com/wp-content/uploads/2021/03/location-1.png]
[newstryder2022.wpengine.com/wp-content/uploads/2021/03/straight-quotes.png]
[newstryder2022.wpengine.com/wp-content/uploads/2021/03/sqf-grey-e1588963137687-300x107-1.png]
[newstryder2022.wpengine.com/wp-content/uploads/2021/11/output-onlinepngtools-66.png]
[www.stryderusa.com/wp-includes/js/mediaelement/mediaelementplayer-legacy.min1f61.css]
[www.stryderusa.com/wp-includes/js/mediaelement/wp-mediaelement.min84fc.css]
[www.stryderusa.com/wp-content/cache/min/1/wp-content/plugins/contact-form-7/includes/swv/js/indexee60.js]
[www.stryderusa.com/wp-content/cache/min/1/wp-content/plugins/contact-form-7/includes/js/indexee60.js]
[www.stryderusa.com/wp-includes/js/jquery/jquery.minf43b.js]
[www.stryderusa.com/wp-includes/js/jquery/jquery-migrate.min5589.js]
[www.stryderusa.com/wp-content/plugins/wp-job-openings/assets/js/script.mincd45.js]
[www.stryderusa.com/wp-includes/js/jquery/ui/core.min3f14.js]
[www.stryderusa.com/wp-content/themes/Divi/js/scripts.min838c.js]
[www.stryderusa.com/wp-content/plugins/popup-maker/assets/js/site.min5a29.js]
[www.stryderusa.com/wp-content/cache/min/1/wp-content/themes/Divi/core/admin/js/commonee60.js]
[www.google.com/recaptcha/apice1f.js]
[www.stryderusa.com/wp-includes/js/dist/vendor/wp-polyfill-inert.min0226.js]
[www.stryderusa.com/wp-includes/js/dist/vendor/regenerator-runtime.min6c85.js]
[www.stryderusa.com/wp-includes/js/dist/vendor/wp-polyfill.min2c7c.js]
[www.stryderusa.com/wp-content/cache/min/1/wp-content/plugins/contact-form-7/modules/recaptcha/indexee60.js]
[www.stryderusa.com/wp-content/plugins/pro-pack-for-wp-job-openings/assets/js/intlTelInput.min9633.js]
[www.stryderusa.com/wp-content/plugins/pro-pack-for-wp-job-openings/assets/js/script.mine1e3.js]
[www.stryderusa.com/wp-includes/js/mediaelement/mediaelement-and-player.min1f61.js]
[www.stryderusa.com/wp-includes/js/mediaelement/mediaelement-migrate.min84fc.js]
[www.stryderusa.com/wp-includes/js/mediaelement/wp-mediaelement.min84fc.js]
[www.stryderusa.com/wp-content/cache/min/1/wp-content/themes/Divi/includes/builder/feature/dynamic-assets/assets/js/jquery.fitvidsee60.js]
[www.stryderusa.com/wp-content/cache/min/1/wp-content/themes/Divi/includes/builder/feature/dynamic-assets/assets/js/jquery.mobileee60.js]
[www.stryderusa.com/index.html]
[www.stryderusa.com/xmlrpc.php]
[www.stryderusa.com/wp-content/cache/min/1/wp-content/plugins/contact-form-7/includes/css/stylesee60.css]
[www.stryderusa.com/wp-content/cache/min/1/wp-content/themes/Divi/includes/builder/feature/dynamic-assets/assets/js/easypiechartee60.js]
[www.stryderusa.com/wp-content/plugins/wp-job-openings/assets/fonts/awsm-jobs-icomoon062a.eot]
[www.stryderusa.com/wp-content/plugins/wp-job-openings/assets/fonts/awsm-jobs-icomoon062a.ttf]
[www.stryderusa.com/wp-content/plugins/wp-job-openings/assets/fonts/awsm-jobs-icomoon062a.woff]
[www.stryderusa.com/wp-content/cache/min/1/wp-content/plugins/wp-job-openings/assets/css/general.minee60.css]
[www.stryderusa.com/wp-content/plugins/wp-job-openings/assets/css/style.mincd45.css]
[www.stryderusa.com/wp-content/plugins/wp-job-openings/assets/img/loading.svg]
[www.stryderusa.com/wp-content/plugins/wp-job-openings/assets/fonts/awsm-jobs-icomoon062a.svg]
[www.stryderusa.com/wp-content/plugins/wp-testimonial-with-widget/assets/fonts/fontawesome-webfont3e6e.eot]
[www.stryderusa.com/wp-content/plugins/wp-testimonial-with-widget/assets/fonts/fontawesome-webfont3e6e.woff2]
[www.stryderusa.com/wp-content/plugins/wp-testimonial-with-widget/assets/fonts/fontawesome-webfontd41d.eot]
[www.stryderusa.com/wp-content/plugins/wp-testimonial-with-widget/assets/fonts/fontawesome-webfont3e6e.woff]
[www.stryderusa.com/wp-content/plugins/wp-testimonial-with-widget/assets/fonts/fontawesome-webfont3e6e.ttf]
[www.stryderusa.com/wp-content/cache/min/1/wp-content/plugins/wp-testimonial-with-widget/assets/css/font-awesome.minee60.css]
[www.stryderusa.com/wp-content/plugins/wp-testimonial-with-widget/assets/images/ajax-loader.gif]
[www.stryderusa.com/wp-content/cache/min/1/wp-content/plugins/wp-testimonial-with-widget/assets/css/slickee60.css]
[www.stryderusa.com/wp-content/plugins/wp-testimonial-with-widget/assets/fonts/fontawesome-webfont3e6e.svg]
[www.stryderusa.com/wp-content/plugins/wp-testimonial-with-widget/assets/images/arrow-right.png]
[www.stryderusa.com/wp-content/plugins/wp-testimonial-with-widget/assets/images/arrow-left.png]
[www.stryderusa.com/wp-content/cache/min/1/wp-content/plugins/wp-testimonial-with-widget/assets/css/wtwp-publicee60.css]
[www.stryderusa.com/wp-content/plugins/popup-maker/assets/css/pum-site.minff65.css]
[www.stryderusa.com/wp-content/plugins/pro-pack-for-wp-job-openings/assets/img/flags.png]
[www.stryderusa.com/wp-content/plugins/pro-pack-for-wp-job-openings/assets/img/flags@2x.png]
[www.stryderusa.com/wp-content/plugins/pro-pack-for-wp-job-openings/assets/css/intlTelInput.min9633.css]
[www.stryderusa.com/wp-content/plugins/pro-pack-for-wp-job-openings/assets/css/style.mine1e3.css]
[www.stryderusa.com/wp-content/themes/Divi/includes/builder/styles/images/preloader.gif]
[www.stryderusa.com/wp-content/themes/Divi/core/admin/fonts/modules/all/modules.eot]
[www.stryderusa.com/wp-content/themes/Divi/core/admin/fonts/modules/all/modulesd41d.eot]
[www.stryderusa.com/wp-content/themes/Divi/core/admin/fonts/modules/all/modules.ttf]
[www.stryderusa.com/wp-content/themes/Divi/core/admin/fonts/modules/all/modules.woff]
[www.stryderusa.com/wp-content/themes/Divi/core/admin/fonts/modules/all/modules.svg]
[www.stryderusa.com/wp-content/themes/Divi/core/admin/fonts/fontawesome/fa-regular-400.eot]
[www.stryderusa.com/wp-content/themes/Divi/core/admin/fonts/fontawesome/fa-regular-400d41d.eot]
[www.stryderusa.com/wp-content/themes/Divi/core/admin/fonts/fontawesome/fa-regular-400.woff2]
[www.stryderusa.com/wp-content/themes/Divi/core/admin/fonts/fontawesome/fa-regular-400.woff]
[www.stryderusa.com/wp-content/themes/Divi/core/admin/fonts/fontawesome/fa-regular-400.ttf]
[www.stryderusa.com/wp-content/themes/Divi/core/admin/fonts/fontawesome/fa-regular-400.svg]
[www.stryderusa.com/wp-content/themes/Divi/core/admin/fonts/fontawesome/fa-solid-900.eot]
[www.stryderusa.com/wp-content/themes/Divi/core/admin/fonts/fontawesome/fa-solid-900.woff2]
[www.stryderusa.com/wp-content/themes/Divi/core/admin/fonts/fontawesome/fa-solid-900d41d.eot]
[www.stryderusa.com/wp-content/themes/Divi/core/admin/fonts/fontawesome/fa-solid-900.woff]
[www.stryderusa.com/wp-content/themes/Divi/core/admin/fonts/fontawesome/fa-solid-900.ttf]
[www.stryderusa.com/wp-content/themes/Divi/core/admin/fonts/fontawesome/fa-solid-900.svg]
[www.stryderusa.com/wp-content/themes/Divi/core/admin/fonts/fontawesome/fa-brands-400.eot]
[www.stryderusa.com/wp-content/themes/Divi/core/admin/fonts/fontawesome/fa-brands-400.woff2]
[www.stryderusa.com/wp-content/themes/Divi/core/admin/fonts/fontawesome/fa-brands-400.woff]
[www.stryderusa.com/wp-content/themes/Divi/core/admin/fonts/fontawesome/fa-brands-400.ttf]
[www.stryderusa.com/wp-content/themes/Divi/core/admin/fonts/fontawesome/fa-brands-400d41d.eot]
[www.stryderusa.com/wp-content/themes/Divi/includes/builder/styles/images/subscribe-loader.gif]
[www.stryderusa.com/wp-content/cache/min/1/wp-content/themes/Divi/style-static.minee60.css]
[www.stryderusa.com/wp-content/cache/min/1/font-awesome/4.6.3/css/font-awesome.minee60.css]
[www.stryderusa.com/wp-content/et-cache/10/et-core-unified-tb-626-10.min91b7.css]
[www.stryderusa.com/wp-content/et-cache/10/et-core-unified-10.minc01f.css]
[newstryder2022.wpengine.com/wp-content/uploads/2021/03/right-arrow-1.png]
[www.stryderusa.com/wp-content/et-cache/10/et-core-unified-tb-626-deferred-10.min91b7.css]
[www.stryderusa.com/wp-content/themes/Divi/core/admin/fonts/fontawesome/fa-brands-400.svg]
[www.stryderusa.com/wp-json/wp/v2/pages/830.json]
[www.stryderusa.com/wp-json/oembed/1.0/embedf85e.json]
[www.stryderusa.com/wp-json/oembed/1.0/embed8b74]
[www.stryderusa.com/wp-content/et-cache/830/et-core-unified-tb-626-830.min0431.css]
[www.stryderusa.com/wp-content/et-cache/830/et-core-unified-830.min5970.css]
[www.stryderusa.com/wp-content/et-cache/830/et-core-unified-tb-626-deferred-830.min0431.css]
[newstryder2022.wpengine.com/wp-content/uploads/2021/04/4.png]
[newstryder2022.wpengine.com/wp-content/uploads/2021/04/5.png]
[newstryder2022.wpengine.com/wp-content/uploads/2022/04/Capture-1-300x157-1.png]
[newstryder2022.wpengine.com/wp-content/uploads/2021/03/muralBW.png]
[newstryder2022.wpengine.com/wp-content/uploads/2022/04/Picture1-1-1-212x300-1.png]
[newstryder2022.wpengine.com/wp-content/uploads/2022/04/shutterstock_2092630243-1-scaled-1.jpg]
[newstryder2022.wpengine.com/wp-content/uploads/2021/03/reward.png]
[newstryder2022.wpengine.com/wp-content/uploads/2021/03/partnership.png]
[newstryder2022.wpengine.com/wp-content/uploads/2021/03/donation.png]
[newstryder2022.wpengine.com/wp-content/uploads/2021/03/customer.png]
[www.stryderusa.com/wp-content/uploads/2023/09/timeline.png]
[www.stryderusa.com/about-us/index.html]
[www.stryderusa.com/wp-json/wp/v2/pages/12.json]
[www.stryderusa.com/wp-json/oembed/1.0/embed068f.json]
[www.stryderusa.com/wp-json/oembed/1.0/embeda654]
[www.stryderusa.com/wp-content/et-cache/12/et-core-unified-tb-626-12.min4880.css]
[www.stryderusa.com/wp-content/et-cache/12/et-core-unified-12.min11e6.css]
[www.stryderusa.com/wp-content/et-cache/12/et-core-unified-tb-626-deferred-12.min4880.css]
[newstryder2022.wpengine.com/wp-content/uploads/2022/02/Screen-Shot-2022-02-02-at-11.07.43-AM.png]
[newstryder2022.wpengine.com/wp-content/uploads/2022/01/Logic-Black-300x152.png]
[www.stryderusa.com/services/index.html]
[www.stryderusa.com/wp-json/wp/v2/pages/13.json]
[www.stryderusa.com/wp-json/oembed/1.0/embed43f4.json]
[www.stryderusa.com/wp-json/oembed/1.0/embed490e]
[www.stryderusa.com/wp-content/et-cache/13/et-core-unified-tb-626-13.min8175.css]
[www.stryderusa.com/wp-content/et-cache/13/et-core-unified-13.min8175.css]
[www.stryderusa.com/wp-content/et-cache/13/et-core-unified-tb-626-deferred-13.min8175.css]
[newstryder2022.wpengine.com/wp-content/uploads/2021/03/drive-for-us.jpg]
[www.stryderusa.com/wp-content/uploads/2022/12/Youdontknowjack.png]
[newstryder2022.wpengine.com/wp-content/uploads/2021/03/FoodBank2crop444-e1571255006173.jpg]
[newstryder2022.wpengine.com/wp-content/uploads/2021/03/Current-Opening.png]
[www.stryderusa.com/careers/index.html]
[www.stryderusa.com/wp-json/wp/v2/pages/14.json]
[www.stryderusa.com/wp-json/oembed/1.0/embed7f41.json]
[www.stryderusa.com/wp-json/oembed/1.0/embed53dc]
[www.stryderusa.com/wp-content/et-cache/14/et-core-unified-tb-626-14.min8700.css]
[www.stryderusa.com/wp-content/et-cache/14/et-core-unified-14.minfde8.css]
[www.stryderusa.com/wp-content/et-cache/14/et-core-unified-tb-626-deferred-14.min8700.css]
[newstryder2022.wpengine.com/wp-content/uploads/2022/09/Screen-Shot-2022-09-21-at-2.09.09-PM.png]
[newstryder2022.wpengine.com/wp-content/uploads/2022/09/Screen-Shot-2022-09-21-at-2.40.28-PM.png]
[www.stryderusa.com/wp-content/uploads/2023/01/Screen-Shot-2023-01-16-at-11.39.07-AM.png]
[i.ytimg.com/vi/JJm92zABpGc/maxresdefault.jpg]
[www.stryderusa.com/wp-content/uploads/2023/01/Screen-Shot-2023-01-05-at-12.07.23-PM.png]
[www.stryderusa.com/wp-content/uploads/2023/01/Screen-Shot-2023-01-05-at-12.13.07-PM.png]
[www.stryderusa.com/facilities/index.html]
[www.stryderusa.com/wp-json/wp/v2/pages/518.json]
[www.stryderusa.com/wp-json/oembed/1.0/embed1b8d.json]
[www.stryderusa.com/wp-json/oembed/1.0/embedc0bf]
[www.stryderusa.com/wp-content/et-cache/518/et-core-unified-tb-626-518.min6aec.css]
[www.stryderusa.com/wp-content/et-cache/518/et-core-unified-518.min1a30.css]
[www.stryderusa.com/media/index.html]
[www.stryderusa.com/wp-content/et-cache/518/et-core-unified-tb-626-deferred-518.min6aec.css]
[www.stryderusa.com/wp-json/wp/v2/pages/15.json]
[www.stryderusa.com/wp-json/oembed/1.0/embed1b44.json]
[www.stryderusa.com/wp-json/oembed/1.0/embed5a8f]
[www.stryderusa.com/wp-content/et-cache/15/et-core-unified-tb-626-15.min4bf2.css]
[www.stryderusa.com/wp-content/et-cache/15/et-core-unified-15.min4b13.css]
[www.stryderusa.com/wp-content/et-cache/15/et-core-unified-tb-626-deferred-15.min4bf2.css]
[newstryder2022.wpengine.com/wp-content/uploads/2021/03/Logo-Stryder.png]
[newstryder2022.wpengine.com/wp-content/uploads/2021/03/semoPS.png]
[newstryder2022.wpengine.com/wp-content/uploads/2021/03/cp-logo22-e1567014038910.png]
[newstryder2022.wpengine.com/wp-content/uploads/2021/03/kidscancercarelogoPS.png]
[newstryder2022.wpengine.com/wp-content/uploads/2021/03/GreenSTRYDElogo-400x215-1.png]
[newstryder2022.wpengine.com/wp-content/uploads/2021/03/sustainablellc.jpg]
[www.stryderusa.com/community/index.html]
[www.stryderusa.com/wp-json/wp/v2/pages/2969.json]
[www.stryderusa.com/green-strydes/index.html]
[www.stryderusa.com/wp-json/oembed/1.0/embed495a.json]
[www.stryderusa.com/wp-json/oembed/1.0/embed6bbc]
[www.stryderusa.com/wp-content/et-cache/2969/et-core-unified-tb-626-2969.min9fec.css]
[www.stryderusa.com/wp-content/et-cache/2969/et-core-unified-2969.min4880.css]
[www.stryderusa.com/wp-content/et-cache/2969/et-core-unified-tb-626-deferred-2969.min9fec.css]
[www.stryderusa.com/wp-content/uploads/2023/08/thermometer-showing-for-high-temperature-2022-12-16-15-01-22-utc-1080x675.jpg]
[www.stryderusa.com/blog/index.html]
[www.stryderusa.com/wp-content/cache/min/1/wp-content/themes/Divi/includes/builder/feature/dynamic-assets/assets/js/salvattore54c7.js]
[www.stryderusa.com/the-hot-seat-5-tips-for-drivers-during-heat-waves/index.html]
[www.stryderusa.com/author/ksakalauskasgo-stryder-com/index.html]
[www.stryderusa.com/category/uncategorized/index.html]
[www.stryderusa.com/navigating-the-logistics-landscape-the-role-of-full-truckload-shipping-in-warehouse-canada/index.html]
[www.stryderusa.com/the-dynamics-of-drayage-transportation-and-the-role-of-the-largest-intermodal-carriers/index.html]
[www.stryderusa.com/wp-includes/js/mediaelement/mediaelementplayer-legacy.min1f61.css]
[www.stryderusa.com/wp-includes/js/mediaelement/mejs-controls.svg]
[www.stryderusa.com/wp-includes/js/mediaelement/wp-mediaelement.min84fc.css]
[www.stryderusa.com/wp-content/plugins/wp-job-openings/assets/fonts/awsm-jobs-icomoon062a.svg]
[www.stryderusa.com/wp-content/plugins/wp-job-openings/assets/img/loading.svg]
[www.stryderusa.com/wp-content/plugins/wp-testimonial-with-widget/assets/fonts/fontawesome-webfont3e6e.svg]
[www.stryderusa.com/wp-content/themes/Divi/core/admin/fonts/modules/all/modules.svg]
[www.stryderusa.com/wp-content/themes/Divi/core/admin/fonts/fontawesome/fa-regular-400.svg]
[www.stryderusa.com/specialized-freight-carriers-enhancing-canadian-warehouse-and-logistics-operations/index.html]
[www.stryderusa.com/wp-content/themes/Divi/core/admin/fonts/fontawesome/fa-solid-900.svg]
[www.stryderusa.com/blog/page/2/indexf83b.html]
[www.stryderusa.com/wp-content/themes/Divi/core/admin/fonts/fontawesome/fa-brands-400.svg]
[www.stryderusa.com/index975e.html]
[www.stryderusa.com/wp-content/et-cache/830/et-core-unified-tb-626-830.min0431.css]
[www.stryderusa.com/wp-content/et-cache/830/et-core-unified-830.min5970.css]
[newstryder2022.wpengine.com/wp-content/uploads/2021/03/Page-Banner.jpg]
[www.stryderusa.com/wp-content/et-cache/830/et-core-unified-tb-626-deferred-830.min0431.css]
[www.stryderusa.com/index678b.html]
[www.stryderusa.com/wp-content/et-cache/12/et-core-unified-tb-626-12.min4880.css]
[www.stryderusa.com/wp-content/et-cache/12/et-core-unified-12.min11e6.css]
[www.stryderusa.com/wp-content/et-cache/12/et-core-unified-tb-626-deferred-12.min4880.css]
[www.stryderusa.com/index2dc4.html]
[www.stryderusa.com/wp-content/et-cache/13/et-core-unified-tb-626-13.min8175.css]
[www.stryderusa.com/wp-content/et-cache/13/et-core-unified-13.min8175.css]
[newstryder2022.wpengine.com/wp-content/uploads/2021/03/Warehousing.png]
[www.stryderusa.com/wp-content/et-cache/13/et-core-unified-tb-626-deferred-13.min8175.css]
[www.stryderusa.com/index0b69.html]
[www.stryderusa.com/wp-content/et-cache/14/et-core-unified-tb-626-14.min8700.css]
[www.stryderusa.com/wp-content/et-cache/14/et-core-unified-14.minfde8.css]
[www.stryderusa.com/wp-content/uploads/2022/09/Screen-Shot-2022-09-21-at-2.09.09-PM.png]
[www.stryderusa.com/wp-content/et-cache/14/et-core-unified-tb-626-deferred-14.min8700.css]
[www.stryderusa.com/indexa51f.html]
[www.stryderusa.com/wp-content/et-cache/518/et-core-unified-tb-626-518.min6aec.css]
[www.stryderusa.com/wp-content/et-cache/518/et-core-unified-518.min1a30.css]
[newstryder2022.wpengine.com/wp-content/uploads/2021/12/tacoma3-scaled.jpg]
[www.stryderusa.com/wp-content/et-cache/518/et-core-unified-tb-626-deferred-518.min6aec.css]
[www.stryderusa.com/indexa1ca.html]
[www.stryderusa.com/wp-content/et-cache/15/et-core-unified-tb-626-15.min4bf2.css]
[www.stryderusa.com/wp-content/et-cache/15/et-core-unified-15.min4b13.css]
[www.stryderusa.com/wp-content/uploads/2022/10/shutterstock_1927726550-scaled.jpg]
[www.stryderusa.com/wp-content/et-cache/15/et-core-unified-tb-626-deferred-15.min4bf2.css]
[www.stryderusa.com/wp-json/wp/v2/pages/471.json]
[www.stryderusa.com/wp-json/oembed/1.0/embed5471.json]
[www.stryderusa.com/wp-json/oembed/1.0/embed33c6]
[www.stryderusa.com/wp-content/et-cache/471/et-core-unified-tb-626-471.min6a22.css]
[www.stryderusa.com/wp-content/et-cache/471/et-core-unified-471.mina87a.css]
[www.stryderusa.com/wp-content/et-cache/471/et-core-unified-tb-626-deferred-471.min6a22.css]
[newstryder2022.wpengine.com/wp-content/uploads/2021/03/gas-station.png]
[newstryder2022.wpengine.com/wp-content/uploads/2021/03/flash.png]
[newstryder2022.wpengine.com/wp-content/uploads/2021/03/biodegradable.png]
[newstryder2022.wpengine.com/wp-content/uploads/2021/03/lightbulb.png]
[newstryder2022.wpengine.com/wp-content/uploads/2021/03/recycle-sign.png]
[newstryder2022.wpengine.com/wp-content/uploads/2021/03/worldwide.png]
[www.stryderusa.com/green-strydes/index.html]
[www.stryderusa.com/index4a53.html]
[www.stryderusa.com/wp-content/et-cache/2969/et-core-unified-tb-626-2969.min9fec.css]
[www.stryderusa.com/wp-content/et-cache/2969/et-core-unified-2969.min4880.css]
[www.stryderusa.com/wp-content/uploads/2021/12/tacoma-scaled.jpg]
[www.stryderusa.com/wp-content/et-cache/2969/et-core-unified-tb-626-deferred-2969.min9fec.css]
[www.stryderusa.com/wp-includes/css/dist/block-library/style.min84fc.css]
[www.stryderusa.com/the-hot-seat-5-tips-for-drivers-during-heat-waves/feed/index.html]
[www.stryderusa.com/wp-json/wp/v2/posts/3037.json]
[www.stryderusa.com/wp-json/oembed/1.0/embed0286.json]
[www.stryderusa.com/wp-json/oembed/1.0/embedc5d3]
[www.stryderusa.com/wp-content/et-cache/global/et-divi-customizer-global.min91b7.css]
[www.stryderusa.com/the-hot-seat-5-tips-for-drivers-during-heat-waves/index.html]
[www.stryderusa.com/wp-content/et-cache/3037/et-core-unified-tb-626-3037.min04c7.css]
[www.stryderusa.com/wp-json/wp/v2/users/2.json]
[www.stryderusa.com/intermodal-trucking-and-container-transloading-streamlining-cargo-transport-in-a-globalized-world/index.html]
[www.stryderusa.com/author/ksakalauskasgo-stryder-com/page/2/index.html]
[www.stryderusa.com/author/ksakalauskasgo-stryder-com/feed/index.html]
[www.stryderusa.com/author/ksakalauskasgo-stryder-com/index.html]
[www.stryderusa.com/wp-content/et-cache/626/et-core-unified-cpt-626.minf767.css]
[www.stryderusa.com/category/uncategorized/index.html]
[www.stryderusa.com/wp-json/wp/v2/categories/1.json]
[www.stryderusa.com/category/uncategorized/feed/index.html]
[www.stryderusa.com/wp-json/wp/v2/posts/3034.json]
[www.stryderusa.com/navigating-the-logistics-landscape-the-role-of-full-truckload-shipping-in-warehouse-canada/feed/index.html]
[www.stryderusa.com/wp-json/oembed/1.0/embed79f4.json]
[www.stryderusa.com/wp-json/oembed/1.0/embed130d]
[www.stryderusa.com/navigating-the-logistics-landscape-the-role-of-full-truckload-shipping-in-warehouse-canada/index.html]
[www.stryderusa.com/wp-content/et-cache/3034/et-core-unified-tb-626-3034.min1331.css]
[www.stryderusa.com/wp-json/wp/v2/posts/3032.json]
[www.stryderusa.com/the-dynamics-of-drayage-transportation-and-the-role-of-the-largest-intermodal-carriers/feed/index.html]
[www.stryderusa.com/wp-json/oembed/1.0/embed7006.json]
[www.stryderusa.com/wp-json/oembed/1.0/embed2517]
[www.stryderusa.com/the-dynamics-of-drayage-transportation-and-the-role-of-the-largest-intermodal-carriers/index.html]
[www.stryderusa.com/wp-content/et-cache/3032/et-core-unified-tb-626-3032.min13ac.css]
[www.stryderusa.com/wp-json/wp/v2/posts/3031.json]
[www.stryderusa.com/specialized-freight-carriers-enhancing-canadian-warehouse-and-logistics-operations/feed/index.html]
[www.stryderusa.com/wp-json/oembed/1.0/embed1a23.json]
[www.stryderusa.com/wp-json/oembed/1.0/embed645f]
[www.stryderusa.com/specialized-freight-carriers-enhancing-canadian-warehouse-and-logistics-operations/index.html]
[www.stryderusa.com/wp-content/et-cache/3031/et-core-unified-tb-626-3031.min50d2.css]
[www.stryderusa.com/wp-content/plugins/contact-form-7/includes/css/styles69c8.css]
[www.stryderusa.com/wp-content/plugins/wp-job-openings/assets/css/general.mincd45.css]
[www.stryderusa.com/wp-content/plugins/wp-testimonial-with-widget/assets/css/font-awesome.min1bba.css]
[www.stryderusa.com/wp-content/plugins/wp-testimonial-with-widget/assets/css/slick1bba.css]
[www.stryderusa.com/wp-content/plugins/wp-testimonial-with-widget/assets/css/wtwp-public1bba.css]
[maxcdn.bootstrapcdn.com/font-awesome/4.6.3/css/font-awesome.min.css]
[www.stryderusa.com/wp-content/themes/Divi/style-static.min838c.css]
[www.stryderusa.com/wp-content/plugins/contact-form-7/includes/swv/js/index69c8.js]
[www.stryderusa.com/wp-content/plugins/contact-form-7/includes/js/index69c8.js]
[www.stryderusa.com/streamlining-logistics-exploring-straight-truck-dispatch-services-and-yard-management-systems/index.html]
[www.stryderusa.com/category/drivers/index.html]
[www.stryderusa.com/wp-content/themes/Divi/core/admin/js/common838c.js]
[www.stryderusa.com/embracing-inclusivity-and-diversity-in-the-workplace-the-key-to-success/index.html]
[www.stryderusa.com/blog/page/3/indexf83b.html]
[www.stryderusa.com/connecting-the-nation-navigating-domestic-cargo-shipping-and-domestic-freight-carriers/index.html]
[www.stryderusa.com/blog/indexf83b.html]
[www.stryderusa.com/wp-content/plugins/contact-form-7/modules/recaptcha/index69c8.js]
[www.stryderusa.com/wp-content/themes/Divi/includes/builder/feature/dynamic-assets/assets/js/jquery.fitvids838c.js]
[www.stryderusa.com/wp-content/themes/Divi/includes/builder/feature/dynamic-assets/assets/js/easypiechart838c.js]
[www.stryderusa.com/blog/page/2/indexf83b.html]
[www.stryderusa.com/wp-includes/js/mediaelement/mejs-controls.svg]
[www.stryderusa.com/index2c5f.html]
[www.stryderusa.com/wp-content/et-cache/471/et-core-unified-tb-626-471.min6a22.css]
[www.stryderusa.com/wp-content/et-cache/471/et-core-unified-471.mina87a.css]
[www.stryderusa.com/wp-content/et-cache/471/et-core-unified-tb-626-deferred-471.min6a22.css]
[www.stryderusa.com/wp-includes/css/dist/block-library/style.min84fc.css]
[www.stryderusa.com/index8fda.html]
[www.stryderusa.com/wp-content/et-cache/global/et-divi-customizer-global.min91b7.css]
[www.stryderusa.com/wp-content/et-cache/3037/et-core-unified-tb-626-3037.min04c7.css]
[www.stryderusa.com/wp-content/themes/Divi/includes/builder/feature/dynamic-assets/assets/js/salvattore838c.js]
[www.stryderusa.com/intermodal-trucking-and-container-transloading-streamlining-cargo-transport-in-a-globalized-world/feed/index.html]
[www.stryderusa.com/wp-json/wp/v2/posts/3030.json]
[www.stryderusa.com/wp-json/oembed/1.0/embed2614.json]
[www.stryderusa.com/wp-json/oembed/1.0/embed213d]
[www.stryderusa.com/intermodal-trucking-and-container-transloading-streamlining-cargo-transport-in-a-globalized-world/index.html]
[www.stryderusa.com/author/ksakalauskasgo-stryder-com/page/2/index.html]
[www.stryderusa.com/wp-content/et-cache/3030/et-core-unified-tb-626-3030.min6951.css]
[www.stryderusa.com/wp-content/et-cache/626/et-core-unified-cpt-626.minf767.css]
[www.stryderusa.com/index514f.html]
[www.stryderusa.com/wp-content/et-cache/3034/et-core-unified-tb-626-3034.min1331.css]
[www.stryderusa.com/index2116.html]
[www.stryderusa.com/wp-content/et-cache/3032/et-core-unified-tb-626-3032.min13ac.css]
[www.stryderusa.com/index0fef.html]
[www.stryderusa.com/wp-content/et-cache/3031/et-core-unified-tb-626-3031.min50d2.css]
[www.stryderusa.com/wp-content/plugins/contact-form-7/includes/css/styles69c8.css]
[www.stryderusa.com/wp-content/plugins/wp-job-openings/assets/css/general.mincd45.css]
[www.stryderusa.com/wp-content/plugins/wp-testimonial-with-widget/assets/css/font-awesome.min1bba.css]
[www.stryderusa.com/wp-content/plugins/wp-testimonial-with-widget/assets/css/slick1bba.css]
[www.stryderusa.com/wp-content/plugins/wp-testimonial-with-widget/assets/css/wtwp-public1bba.css]
[www.stryderusa.com/wp-content/themes/Divi/style-static.min838c.css]
[maxcdn.bootstrapcdn.com/font-awesome/4.6.3/css/font-awesome.min.css]
[www.stryderusa.com/specialized-freight-carriers-and-logistics-warehouse-management/index.html]
[www.stryderusa.com/full-truckload-services-and-optimal-warehouse-transportation/index.html]
[www.stryderusa.com/author/ksakalauskasgo-stryder-com/page/3/index.html]
[www.stryderusa.com/streamlining-logistics-exploring-straight-truck-dispatch-services-and-yard-management-systems/feed/index.html]
[www.stryderusa.com/wp-json/wp/v2/posts/3023.json]
[www.stryderusa.com/wp-json/oembed/1.0/embed3eca.json]
[www.stryderusa.com/wp-json/oembed/1.0/embed674c]
[www.stryderusa.com/streamlining-logistics-exploring-straight-truck-dispatch-services-and-yard-management-systems/index.html]
[www.stryderusa.com/wp-content/et-cache/3023/et-core-unified-tb-626-3023.minff77.css]
[www.stryderusa.com/category/drivers/index.html]
[www.stryderusa.com/wp-json/wp/v2/categories/33.json]
[www.stryderusa.com/category/drivers/feed/index.html]
[www.stryderusa.com/category/drivers/page/2/index.html]
[www.stryderusa.com/transportation-management-services-and-shipping-container-yards/index.html]
[www.stryderusa.com/wp-json/wp/v2/posts/3020.json]
[www.stryderusa.com/connecting-the-nation-navigating-domestic-cargo-shipping-and-domestic-freight-carriers/feed/index.html]
[www.stryderusa.com/wp-json/oembed/1.0/embed03f0.json]
[www.stryderusa.com/wp-json/oembed/1.0/embedb3dc]
[www.stryderusa.com/connecting-the-nation-navigating-domestic-cargo-shipping-and-domestic-freight-carriers/index.html]
[www.stryderusa.com/wp-content/et-cache/3020/et-core-unified-tb-626-3020.min46ba.css]
[www.stryderusa.com/wp-json/wp/v2/posts/3019.json]
[www.stryderusa.com/embracing-inclusivity-and-diversity-in-the-workplace-the-key-to-success/feed/index.html]
[www.stryderusa.com/wp-json/oembed/1.0/embedf4d3.json]
[www.stryderusa.com/wp-json/oembed/1.0/embed714e]
[www.stryderusa.com/embracing-inclusivity-and-diversity-in-the-workplace-the-key-to-success/index.html]
[www.stryderusa.com/blog/page/3/indexf83b.html]
[www.stryderusa.com/blog/indexf83b.html]
[www.stryderusa.com/index6a77.html]
[www.stryderusa.com/wp-content/et-cache/3030/et-core-unified-tb-626-3030.min6951.css]
[www.stryderusa.com/author/ksakalauskasgo-stryder-com/page/3/index.html]
[www.stryderusa.com/wp-content/et-cache/3019/et-core-unified-tb-626-3019.minf0f7.css]
[www.stryderusa.com/blog/page/4/indexf83b.html]
[www.stryderusa.com/stay-in-the-know-what-kind-of-trucks-are-there/index.html]
[www.stryderusa.com/author/ksakalauskasgo-stryder-com/page/4/index.html]
[www.stryderusa.com/the-future-of-logistics-embracing-automation-and-technology/index.html]
[www.stryderusa.com/wp-json/wp/v2/posts/2993.json]
[www.stryderusa.com/what-are-reefers-and-why-do-they-matter/index.html]
[www.stryderusa.com/trucking-is-a-lifestyle-some-tips-for-life-on-the-road/index.html]
[www.stryderusa.com/wp-json/oembed/1.0/embed7d6c.json]
[www.stryderusa.com/specialized-freight-carriers-and-logistics-warehouse-management/feed/index.html]
[www.stryderusa.com/wp-json/oembed/1.0/embed57f9]
[www.stryderusa.com/specialized-freight-carriers-and-logistics-warehouse-management/index.html]
[www.stryderusa.com/wp-content/et-cache/2993/et-core-unified-tb-626-2993.min85b7.css]
[www.stryderusa.com/wp-json/wp/v2/posts/2994.json]
[www.stryderusa.com/full-truckload-services-and-optimal-warehouse-transportation/feed/index.html]
[www.stryderusa.com/wp-json/oembed/1.0/embedd73c.json]
[www.stryderusa.com/wp-json/oembed/1.0/embed9dc7]
[www.stryderusa.com/full-truckload-services-and-optimal-warehouse-transportation/index.html]
[www.stryderusa.com/index8d33.html]
[www.stryderusa.com/wp-content/et-cache/3023/et-core-unified-tb-626-3023.minff77.css]
[www.stryderusa.com/wp-content/et-cache/2994/et-core-unified-tb-626-2994.min167a.css]
[www.stryderusa.com/wp-content/uploads/2021/03/post-1024x551-1.png]
[www.stryderusa.com/category/drivers/page/2/index.html]
[www.stryderusa.com/6-trip-planning-tips-that-every-truck-driver-should-know/index.html]
[www.stryderusa.com/category/covid/index.html]
[www.stryderusa.com/proud-to-be-an-essential-service-provider/index.html]
[www.stryderusa.com/wp-json/wp/v2/posts/2995.json]
[www.stryderusa.com/transportation-management-services-and-shipping-container-yards/feed/index.html]
[www.stryderusa.com/wp-json/oembed/1.0/embed1189.json]
[www.stryderusa.com/wp-json/oembed/1.0/embedf167]
[www.stryderusa.com/transportation-management-services-and-shipping-container-yards/index.html]
[www.stryderusa.com/index2941.html]
[www.stryderusa.com/wp-content/et-cache/3020/et-core-unified-tb-626-3020.min46ba.css]
[www.stryderusa.com/index3cdf.html]
[www.stryderusa.com/wp-content/et-cache/3019/et-core-unified-tb-626-3019.minf0f7.css]
[www.stryderusa.com/wp-content/et-cache/2995/et-core-unified-tb-626-2995.min7a28.css]
[www.stryderusa.com/wp-json/wp/v2/posts/2976.json]
[www.stryderusa.com/stay-in-the-know-what-kind-of-trucks-are-there/feed/index.html]
[www.stryderusa.com/wp-json/oembed/1.0/embedc06b.json]
[www.stryderusa.com/wp-json/oembed/1.0/embedab61]
[www.stryderusa.com/stay-in-the-know-what-kind-of-trucks-are-there/index.html]
[www.stryderusa.com/blog/page/4/indexf83b.html]
[www.stryderusa.com/wp-content/et-cache/2976/et-core-unified-tb-626-2976.mind5fd.css]
[www.stryderusa.com/wp-content/uploads/2021/03/truckslined1-2-1024x570-1.jpg]
[www.stryderusa.com/wp-content/uploads/2021/03/blendedpacks-1024x498-1.jpg]
[www.stryderusa.com/blog/page/5/indexf83b.html]
[www.stryderusa.com/wp-content/uploads/2021/03/4371-1200x516-2-1024x440-1.jpg]
[www.stryderusa.com/author/ksakalauskasgo-stryder-com/page/4/index.html]
[www.stryderusa.com/our-front-line-heroes-a-thank-you/index.html]
[www.stryderusa.com/blended-for-stryder-blended-for-you/index.html]
[www.stryderusa.com/covid-19-sanitizing-workplaces/index.html]
[www.stryderusa.com/wp-json/wp/v2/posts/2974.json]
[www.stryderusa.com/the-future-of-logistics-embracing-automation-and-technology/feed/index.html]
[www.stryderusa.com/wp-json/oembed/1.0/embedaad0.json]
[www.stryderusa.com/wp-json/oembed/1.0/embed4941]
[www.stryderusa.com/the-future-of-logistics-embracing-automation-and-technology/index.html]
[www.stryderusa.com/wp-content/et-cache/2974/et-core-unified-tb-626-2974.mind3bd.css]
[www.stryderusa.com/wp-json/wp/v2/posts/2965.json]
[www.stryderusa.com/trucking-is-a-lifestyle-some-tips-for-life-on-the-road/feed/index.html]
[www.stryderusa.com/wp-json/oembed/1.0/embedca00.json]
[www.stryderusa.com/wp-json/oembed/1.0/embed4703]
[www.stryderusa.com/trucking-is-a-lifestyle-some-tips-for-life-on-the-road/index.html]
[www.stryderusa.com/wp-content/et-cache/2965/et-core-unified-tb-626-2965.min752c.css]
[www.stryderusa.com/wp-json/wp/v2/posts/2921.json]
[www.stryderusa.com/what-are-reefers-and-why-do-they-matter/feed/index.html]
[www.stryderusa.com/wp-json/oembed/1.0/embeddb46.json]
[www.stryderusa.com/wp-json/oembed/1.0/embedd7b8]
[www.stryderusa.com/what-are-reefers-and-why-do-they-matter/index.html]
[www.stryderusa.com/index00b0.html]
[www.stryderusa.com/wp-content/et-cache/2993/et-core-unified-tb-626-2993.min85b7.css]
[www.stryderusa.com/indexa64b.html]
[www.stryderusa.com/wp-content/et-cache/2994/et-core-unified-tb-626-2994.min167a.css]
[www.stryderusa.com/wp-content/et-cache/2921/et-core-unified-tb-626-2921.min321f.css]
[www.stryderusa.com/wp-json/wp/v2/posts/2897.json]
[www.stryderusa.com/6-trip-planning-tips-that-every-truck-driver-should-know/feed/index.html]
[www.stryderusa.com/wp-json/oembed/1.0/embed4118.json]
[www.stryderusa.com/wp-json/oembed/1.0/embedc41c]
[www.stryderusa.com/wp-content/et-cache/2897/et-core-unified-tb-626-2897.minafe8.css]
[www.google.com/recaptcha/api49bd.js]
[www.stryderusa.com/6-trip-planning-tips-that-every-truck-driver-should-know/index.html]
[www.stryderusa.com/wp-includes/js/comment-reply.min84fc.js]
[www.stryderusa.com/proud-to-be-an-essential-service-provider/feed/index.html]
[www.stryderusa.com/wp-json/wp/v2/posts/507.json]
[www.stryderusa.com/wp-json/oembed/1.0/embed631e.json]
[www.stryderusa.com/wp-json/oembed/1.0/embed5bb9]
[www.stryderusa.com/proud-to-be-an-essential-service-provider/index.html]
[www.stryderusa.com/wp-content/et-cache/507/et-core-unified-tb-626-507.min8d0f.css]
[www.stryderusa.com/category/covid/index.html]
[www.stryderusa.com/index1b7a.html]
[www.stryderusa.com/wp-content/et-cache/2995/et-core-unified-tb-626-2995.min7a28.css]
[www.stryderusa.com/indexaa2d.html]
[www.stryderusa.com/wp-content/et-cache/2976/et-core-unified-tb-626-2976.mind5fd.css]
[www.stryderusa.com/blog/page/5/indexf83b.html]
[www.stryderusa.com/wp-json/wp/v2/categories/11.json]
[www.stryderusa.com/author/katiesak/index.html]
[www.stryderusa.com/secretariat/index.html]
[www.stryderusa.com/category/stryder-history/index.html]
[www.stryderusa.com/category/covid/feed/index.html]
[www.stryderusa.com/wp-json/wp/v2/posts/505.json]
[www.stryderusa.com/our-front-line-heroes-a-thank-you/feed/index.html]
[www.stryderusa.com/wp-json/oembed/1.0/embed05df.json]
[www.stryderusa.com/blog/page/6/indexf83b.html]
[www.stryderusa.com/wp-json/oembed/1.0/embedef70]
[www.stryderusa.com/our-front-line-heroes-a-thank-you/index.html]
[www.stryderusa.com/wp-content/et-cache/505/et-core-unified-tb-626-505.min60b8.css]
[www.stryderusa.com/wp-json/wp/v2/posts/500.json]
[www.stryderusa.com/blended-for-stryder-blended-for-you/feed/index.html]
[www.stryderusa.com/wp-json/oembed/1.0/embede5c3.json]
[www.stryderusa.com/wp-json/oembed/1.0/embed2b89]
[www.stryderusa.com/wp-content/et-cache/500/et-core-unified-tb-626-500.min1c31.css]
[newstryder2022.wpengine.com/wp-content/uploads/2021/03/P1010150-1024x576-1-300x169.jpg]
[newstryder2022.wpengine.com/wp-content/uploads/2021/03/Blended-For-You-Faves00015-1024x682-1-300x200.jpg]
[newstryder2022.wpengine.com/wp-content/uploads/2021/03/P1010165-2-1024x634-1-300x186.jpg]
[www.stryderusa.com/blended-for-stryder-blended-for-you/index.html]
[www.stryderusa.com/wp-json/wp/v2/posts/497.json]
[www.stryderusa.com/covid-19-sanitizing-workplaces/feed/index.html]
[www.stryderusa.com/wp-json/oembed/1.0/embed5425.json]
[www.stryderusa.com/wp-json/oembed/1.0/embed91a1]
[www.stryderusa.com/covid-19-sanitizing-workplaces/index.html]
[www.stryderusa.com/index2870.html]
[www.stryderusa.com/wp-content/et-cache/2974/et-core-unified-tb-626-2974.mind3bd.css]
[www.stryderusa.com/index32ca.html]
[www.stryderusa.com/wp-content/et-cache/2965/et-core-unified-tb-626-2965.min752c.css]
[www.stryderusa.com/indexa6de.html]
[www.stryderusa.com/wp-content/et-cache/2921/et-core-unified-tb-626-2921.min321f.css]
[www.stryderusa.com/indexb00c.html]
[www.stryderusa.com/wp-content/et-cache/2897/et-core-unified-tb-626-2897.minafe8.css]
[www.stryderusa.com/indexcfe8.html]
[www.stryderusa.com/wp-content/et-cache/507/et-core-unified-tb-626-507.min8d0f.css]
[www.stryderusa.com/wp-content/et-cache/497/et-core-unified-tb-626-497.min91b7.css]
[www.stryderusa.com/wp-json/wp/v2/posts/2794.json]
[www.stryderusa.com/secretariat/feed/index.html]
[www.stryderusa.com/wp-json/oembed/1.0/embed14a0.json]
[www.stryderusa.com/wp-json/oembed/1.0/embed4284]
[www.stryderusa.com/wp-content/et-cache/2794/et-core-unified-tb-626-2794.mincfcc.css]
[www.stryderusa.com/wp-content/et-cache/2794/et-core-unified-2794.min5243.css]
[www.stryderusa.com/secretariat/index.html]
[www.stryderusa.com/author/katiesak/index.html]
[www.stryderusa.com/wp-json/wp/v2/users/5.json]
[www.stryderusa.com/author/katiesak/feed/index.html]
[www.stryderusa.com/category/stryder-history/index.html]
[www.stryderusa.com/blog/page/6/indexf83b.html]
[www.stryderusa.com/index9b9e.html]
[www.stryderusa.com/wp-content/et-cache/505/et-core-unified-tb-626-505.min60b8.css]
[www.stryderusa.com/index2d25.html]
[www.stryderusa.com/wp-content/et-cache/500/et-core-unified-tb-626-500.min1c31.css]
[www.stryderusa.com/indexdd54.html]
[www.stryderusa.com/wp-content/et-cache/497/et-core-unified-tb-626-497.min91b7.css]
[www.stryderusa.com/index65e3.html]
[www.stryderusa.com/wp-content/et-cache/2794/et-core-unified-tb-626-2794.mincfcc.css]
[www.stryderusa.com/wp-content/et-cache/2794/et-core-unified-2794.min5243.css]
[www.stryderusa.com/wp-content/et-cache/2794/et-core-unified-tb-626-deferred-2794.mincfcc.css]
[www.stryderusa.com/wp-json/wp/v2/categories/34.json]
[www.stryderusa.com/category/stryder-history/feed/index.html]
